// Jest Snapshot v1, https://goo.gl/fbAQLP

exports[`SavedCard component SavedCard snapshot 1`] = `
Object {
  "asFragment": [Function],
  "baseElement": <body>
    <div>
      <div
        class="card"
      >
        <div
          class="card__top"
        >
          <img
            alt="лого"
            class="card__logo"
            src="card-logo.svg"
          />
          <p
            class="card__date"
          >
            10/25
          </p>
        </div>
        <p
          class="card__number"
        >
          <span>
            1111
          </span>
          <span>
            2222
          </span>
          <span>
            3333
          </span>
          <span>
            4444
          </span>
        </p>
        <div
          class="card__bottom"
        >
          <img
            alt="чип"
            class="card__schema"
            src="card-schema.svg"
          />
          <img
            alt="mastercard"
            class="card__mastercard"
            src="master-card.svg"
          />
        </div>
      </div>
    </div>
  </body>,
  "container": <div>
    <div
      class="card"
    >
      <div
        class="card__top"
      >
        <img
          alt="лого"
          class="card__logo"
          src="card-logo.svg"
        />
        <p
          class="card__date"
        >
          10/25
        </p>
      </div>
      <p
        class="card__number"
      >
        <span>
          1111
        </span>
        <span>
          2222
        </span>
        <span>
          3333
        </span>
        <span>
          4444
        </span>
      </p>
      <div
        class="card__bottom"
      >
        <img
          alt="чип"
          class="card__schema"
          src="card-schema.svg"
        />
        <img
          alt="mastercard"
          class="card__mastercard"
          src="master-card.svg"
        />
      </div>
    </div>
  </div>,
  "debug": [Function],
  "findAllByAltText": [Function],
  "findAllByDisplayValue": [Function],
  "findAllByLabelText": [Function],
  "findAllByPlaceholderText": [Function],
  "findAllByRole": [Function],
  "findAllByTestId": [Function],
  "findAllByText": [Function],
  "findAllByTitle": [Function],
  "findByAltText": [Function],
  "findByDisplayValue": [Function],
  "findByLabelText": [Function],
  "findByPlaceholderText": [Function],
  "findByRole": [Function],
  "findByTestId": [Function],
  "findByText": [Function],
  "findByTitle": [Function],
  "getAllByAltText": [Function],
  "getAllByDisplayValue": [Function],
  "getAllByLabelText": [Function],
  "getAllByPlaceholderText": [Function],
  "getAllByRole": [Function],
  "getAllByTestId": [Function],
  "getAllByText": [Function],
  "getAllByTitle": [Function],
  "getByAltText": [Function],
  "getByDisplayValue": [Function],
  "getByLabelText": [Function],
  "getByPlaceholderText": [Function],
  "getByRole": [Function],
  "getByTestId": [Function],
  "getByText": [Function],
  "getByTitle": [Function],
  "queryAllByAltText": [Function],
  "queryAllByDisplayValue": [Function],
  "queryAllByLabelText": [Function],
  "queryAllByPlaceholderText": [Function],
  "queryAllByRole": [Function],
  "queryAllByTestId": [Function],
  "queryAllByText": [Function],
  "queryAllByTitle": [Function],
  "queryByAltText": [Function],
  "queryByDisplayValue": [Function],
  "queryByLabelText": [Function],
  "queryByPlaceholderText": [Function],
  "queryByRole": [Function],
  "queryByTestId": [Function],
  "queryByText": [Function],
  "queryByTitle": [Function],
  "rerender": [Function],
  "unmount": [Function],
}
`;
